../Core/Src/SSD1306.c:9:6:OLED_init	8	static
../Core/Src/SSD1306.c:78:6:OLED_reset_sequence	4	static
../Core/Src/SSD1306.c:90:6:OLED_write	32	static
../Core/Src/SSD1306.c:99:6:OLED_gotoxy	16	static
../Core/Src/SSD1306.c:108:6:OLED_fill	32	static
../Core/Src/SSD1306.c:137:6:OLED_clear_buffer	16	static
../Core/Src/SSD1306.c:147:6:OLED_set_buffer	16	static
../Core/Src/SSD1306.c:157:6:OLED_clear_screen	8	static
../Core/Src/SSD1306.c:163:6:OLED_set_screen	8	static
../Core/Src/SSD1306.c:169:6:OLED_cursor	24	static
../Core/Src/SSD1306.c:190:6:OLED_manda_linea	288	static
../Core/Src/SSD1306.c:202:6:OLED_UpdateScreen	16	static
../Core/Src/SSD1306.c:223:6:OLED_DrawPoint	16	static
../Core/Src/SSD1306.c:241:6:OLED_DrawBitmap	32	static
../Core/Src/SSD1306.c:275:6:OLED_print_char	32	static
../Core/Src/SSD1306.c:321:6:OLED_print_char_inv	32	static
../Core/Src/SSD1306.c:368:6:OLED_print_text_inv	32	static
../Core/Src/SSD1306.c:379:6:OLED_print_text	32	static
../Core/Src/SSD1306.c:392:7:OLED_Draw_Pixel	24	static
../Core/Src/SSD1306.c:417:6:OLED_Draw_Line	48	static
../Core/Src/SSD1306.c:489:6:OLED_Draw_Line1	40	static
../Core/Src/SSD1306.c:574:7:OLED_Draw_Rectangle	48	static
../Core/Src/SSD1306.c:633:6:OLED_Draw_Triangle	32	static
../Core/Src/SSD1306.c:641:7:OLED_Draw_Circle	56	static
../Core/Src/SSD1306.c:681:7:OLED_scroll_der	16	static
../Core/Src/SSD1306.c:694:7:OLED_scroll_izq	16	static
../Core/Src/SSD1306.c:707:7:OLED_scroll_diag_der	16	static
../Core/Src/SSD1306.c:722:7:OLED_scroll_diag_izq	16	static
../Core/Src/SSD1306.c:737:7:OLED_stop_scroll	8	static
